[20-Sep-2024 16:41:17 Europe/Prague] PHP Fatal error:  Uncaught Error: Call to undefined function putenv() in /data/web/virtuals/359045/virtual/www/backend/contact.php:108
Stack trace:
#0 /data/web/virtuals/359045/virtual/www/backend/contact.php(12): loadEnv('/data/web/virtu...')
#1 {main}
  thrown in /data/web/virtuals/359045/virtual/www/backend/contact.php on line 108
[20-Sep-2024 16:47:10 Europe/Prague] PHP Fatal error:  Uncaught Error: Call to undefined function putenv() in /data/web/virtuals/359045/virtual/www/backend/contact.php:114
Stack trace:
#0 /data/web/virtuals/359045/virtual/www/backend/contact.php(17): loadEnv('/data/web/virtu...')
#1 {main}
  thrown in /data/web/virtuals/359045/virtual/www/backend/contact.php on line 114
[20-Sep-2024 16:49:34 Europe/Prague] PHP Fatal error:  Uncaught Error: Undefined constant "Composer\Autoload\ClassLoader" in /data/web/virtuals/359045/virtual/www/backend/vendor/composer/ClassLoader.php:495
Stack trace:
#0 /data/web/virtuals/359045/virtual/www/backend/vendor/composer/ClassLoader.php(458): Composer\Autoload\ClassLoader->findFileWithExtension('PHPMailer\\PHPMa...', '.php')
#1 /data/web/virtuals/359045/virtual/www/backend/vendor/composer/ClassLoader.php(425): Composer\Autoload\ClassLoader->findFile('PHPMailer\\PHPMa...')
#2 /data/web/virtuals/359045/virtual/www/backend/contact.php(36): Composer\Autoload\ClassLoader->loadClass('PHPMailer\\PHPMa...')
#3 {main}
  thrown in /data/web/virtuals/359045/virtual/www/backend/vendor/composer/ClassLoader.php on line 495
[20-Sep-2024 17:03:18 Europe/Prague] PHP Fatal error:  Uncaught Error: Undefined constant "Composer\Autoload\ClassLoader" in /data/web/virtuals/359045/virtual/www/backend/vendor/composer/ClassLoader.php:495
Stack trace:
#0 /data/web/virtuals/359045/virtual/www/backend/vendor/composer/ClassLoader.php(458): Composer\Autoload\ClassLoader->findFileWithExtension('PHPMailer\\PHPMa...', '.php')
#1 /data/web/virtuals/359045/virtual/www/backend/vendor/composer/ClassLoader.php(425): Composer\Autoload\ClassLoader->findFile('PHPMailer\\PHPMa...')
#2 /data/web/virtuals/359045/virtual/www/backend/contact.php(40): Composer\Autoload\ClassLoader->loadClass('PHPMailer\\PHPMa...')
#3 {main}
  thrown in /data/web/virtuals/359045/virtual/www/backend/vendor/composer/ClassLoader.php on line 495
[20-Sep-2024 17:07:06 Europe/Prague] PHP Fatal error:  Uncaught Error: Undefined constant "Composer\Autoload\ClassLoader" in /data/web/virtuals/359045/virtual/www/backend/vendor/composer/ClassLoader.php:495
Stack trace:
#0 /data/web/virtuals/359045/virtual/www/backend/vendor/composer/ClassLoader.php(458): Composer\Autoload\ClassLoader->findFileWithExtension('PHPMailer\\PHPMa...', '.php')
#1 /data/web/virtuals/359045/virtual/www/backend/vendor/composer/ClassLoader.php(425): Composer\Autoload\ClassLoader->findFile('PHPMailer\\PHPMa...')
#2 /data/web/virtuals/359045/virtual/www/backend/contact.php(40): Composer\Autoload\ClassLoader->loadClass('PHPMailer\\PHPMa...')
#3 {main}
  thrown in /data/web/virtuals/359045/virtual/www/backend/vendor/composer/ClassLoader.php on line 495
[20-Sep-2024 17:10:37 Europe/Prague] PHP Fatal error:  Uncaught Error: Undefined constant "Composer\Autoload\ClassLoader" in /data/web/virtuals/359045/virtual/www/backend/vendor/composer/ClassLoader.php:495
Stack trace:
#0 /data/web/virtuals/359045/virtual/www/backend/vendor/composer/ClassLoader.php(458): Composer\Autoload\ClassLoader->findFileWithExtension('PHPMailer\\PHPMa...', '.php')
#1 /data/web/virtuals/359045/virtual/www/backend/vendor/composer/ClassLoader.php(425): Composer\Autoload\ClassLoader->findFile('PHPMailer\\PHPMa...')
#2 /data/web/virtuals/359045/virtual/www/backend/contact.php(40): Composer\Autoload\ClassLoader->loadClass('PHPMailer\\PHPMa...')
#3 {main}
  thrown in /data/web/virtuals/359045/virtual/www/backend/vendor/composer/ClassLoader.php on line 495
[20-Sep-2024 17:19:36 Europe/Prague] Neplatný požadavek
[20-Sep-2024 17:24:41 Europe/Prague] PHP Warning:  Cannot modify header information - headers already sent by (output started at /data/web/virtuals/359045/virtual/www/backend/contact.php:7) in /data/web/virtuals/359045/virtual/www/backend/contact.php on line 26
[20-Sep-2024 17:24:41 Europe/Prague] PHP Warning:  Cannot modify header information - headers already sent by (output started at /data/web/virtuals/359045/virtual/www/backend/contact.php:7) in /data/web/virtuals/359045/virtual/www/backend/contact.php on line 27
[20-Sep-2024 17:24:41 Europe/Prague] PHP Warning:  Cannot modify header information - headers already sent by (output started at /data/web/virtuals/359045/virtual/www/backend/contact.php:7) in /data/web/virtuals/359045/virtual/www/backend/contact.php on line 28
[20-Sep-2024 17:24:41 Europe/Prague] PHP Warning:  Cannot modify header information - headers already sent by (output started at /data/web/virtuals/359045/virtual/www/backend/contact.php:7) in /data/web/virtuals/359045/virtual/www/backend/contact.php on line 29
[20-Sep-2024 17:24:41 Europe/Prague] PHP Fatal error:  Uncaught Error: Undefined constant "Composer\Autoload\ClassLoader" in /data/web/virtuals/359045/virtual/www/backend/vendor/composer/ClassLoader.php:495
Stack trace:
#0 /data/web/virtuals/359045/virtual/www/backend/vendor/composer/ClassLoader.php(458): Composer\Autoload\ClassLoader->findFileWithExtension('PHPMailer\\PHPMa...', '.php')
#1 /data/web/virtuals/359045/virtual/www/backend/vendor/composer/ClassLoader.php(425): Composer\Autoload\ClassLoader->findFile('PHPMailer\\PHPMa...')
#2 /data/web/virtuals/359045/virtual/www/backend/contact.php(42): Composer\Autoload\ClassLoader->loadClass('PHPMailer\\PHPMa...')
#3 {main}
  thrown in /data/web/virtuals/359045/virtual/www/backend/vendor/composer/ClassLoader.php on line 495
[20-Sep-2024 17:27:58 Europe/Prague] PHP Fatal error:  Uncaught Error: Undefined constant "Composer\Autoload\ClassLoader" in /data/web/virtuals/359045/virtual/www/backend/vendor/composer/ClassLoader.php:495
Stack trace:
#0 /data/web/virtuals/359045/virtual/www/backend/vendor/composer/ClassLoader.php(458): Composer\Autoload\ClassLoader->findFileWithExtension('PHPMailer\\PHPMa...', '.php')
#1 /data/web/virtuals/359045/virtual/www/backend/vendor/composer/ClassLoader.php(425): Composer\Autoload\ClassLoader->findFile('PHPMailer\\PHPMa...')
#2 /data/web/virtuals/359045/virtual/www/backend/contact.php(38): Composer\Autoload\ClassLoader->loadClass('PHPMailer\\PHPMa...')
#3 {main}
  thrown in /data/web/virtuals/359045/virtual/www/backend/vendor/composer/ClassLoader.php on line 495
[20-Sep-2024 17:28:20 Europe/Prague] PHP Fatal error:  Uncaught Error: Undefined constant "Composer\Autoload\ClassLoader" in /data/web/virtuals/359045/virtual/www/backend/vendor/composer/ClassLoader.php:495
Stack trace:
#0 /data/web/virtuals/359045/virtual/www/backend/vendor/composer/ClassLoader.php(458): Composer\Autoload\ClassLoader->findFileWithExtension('PHPMailer\\PHPMa...', '.php')
#1 /data/web/virtuals/359045/virtual/www/backend/vendor/composer/ClassLoader.php(425): Composer\Autoload\ClassLoader->findFile('PHPMailer\\PHPMa...')
#2 /data/web/virtuals/359045/virtual/www/backend/contact.php(38): Composer\Autoload\ClassLoader->loadClass('PHPMailer\\PHPMa...')
#3 {main}
  thrown in /data/web/virtuals/359045/virtual/www/backend/vendor/composer/ClassLoader.php on line 495
[20-Sep-2024 17:30:29 Europe/Prague] PHP Fatal error:  Uncaught Error: Undefined constant "Composer\Autoload\ClassLoader" in /data/web/virtuals/359045/virtual/www/backend/vendor/composer/ClassLoader.php:495
Stack trace:
#0 /data/web/virtuals/359045/virtual/www/backend/vendor/composer/ClassLoader.php(458): Composer\Autoload\ClassLoader->findFileWithExtension('PHPMailer\\PHPMa...', '.php')
#1 /data/web/virtuals/359045/virtual/www/backend/vendor/composer/ClassLoader.php(425): Composer\Autoload\ClassLoader->findFile('PHPMailer\\PHPMa...')
#2 /data/web/virtuals/359045/virtual/www/backend/contact.php(38): Composer\Autoload\ClassLoader->loadClass('PHPMailer\\PHPMa...')
#3 {main}
  thrown in /data/web/virtuals/359045/virtual/www/backend/vendor/composer/ClassLoader.php on line 495
[20-Sep-2024 17:46:50 Europe/Prague] Neplatný požadavek
[20-Sep-2024 17:46:57 Europe/Prague] Neplatný požadavek
[20-Sep-2024 17:46:58 Europe/Prague] Neplatný požadavek
